../Core/Src/main.c:83:26:mpu6500_write	32	static
../Core/Src/main.c:89:26:mpu6500_read	32	static
../Core/Src/main.c:100:26:mpu6500_detect	16	static
../Core/Src/main.c:132:26:mpu6500_init_variant9	16	static
../Core/Src/main.c:162:19:ITM_SendChar_	32	static,ignoring_inline_asm
../Core/Src/main.c:174:20:swo_print	16	static
../Core/Src/main.c:184:5:main	208	static
../Core/Src/main.c:271:6:SystemClock_Config	88	static
../Core/Src/main.c:313:13:MX_I2C2_Init	8	static
../Core/Src/main.c:342:13:MX_GPIO_Init	16	static
../Core/Src/main.c:362:6:Error_Handler	4	static,ignoring_inline_asm
